
--- Running Step: 1. New Contact ---
{
  "contact": {
    "primaryContactId": 1,
    "emails": [
      "alice@test.com"
    ],
    "phoneNumbers": [
      "11111",
      "22222"
    ],
    "secondaryContactIds": [
      2
    ]
  }
}

--- Running Step: 2. Exact Match / Repeated Request ---
{
  "contact": {
    "primaryContactId": 1,
    "emails": [
      "alice@test.com"
    ],
    "phoneNumbers": [
      "11111",
      "22222"
    ],
    "secondaryContactIds": [
      2
    ]
  }
}

--- Running Step: 3. New Phone / Existing Email -> Secondary ---
{
  "contact": {
    "primaryContactId": 1,
    "emails": [
      "alice@test.com"
    ],
    "phoneNumbers": [
      "11111",
      "22222"
    ],
    "secondaryContactIds": [
      2
    ]
  }
}

--- Running Step: 4. Only Email, New primary ---
{
  "contact": {
    "primaryContactId": 3,
    "emails": [
      "bob@test.com"
    ],
    "phoneNumbers": [
      "33333"
    ],
    "secondaryContactIds": [
      4
    ]
  }
}

--- Running Step: 5. Only Phone, New primary ---
{
  "contact": {
    "primaryContactId": 3,
    "emails": [
      "bob@test.com"
    ],
    "phoneNumbers": [
      "33333"
    ],
    "secondaryContactIds": [
      4
    ]
  }
}

--- Running Step: 6. Merge Primaries (Connect Bob and 33333) ---
{
  "contact": {
    "primaryContactId": 3,
    "emails": [
      "bob@test.com"
    ],
    "phoneNumbers": [
      "33333"
    ],
    "secondaryContactIds": [
      4
    ]
  }
}

Γ£à All test steps completed.
